let a = readInput();
let b = readInput();
 if (a a) {
{
    print(a); }
 else {{
    print(b); }