 let a = 1.0;
{
  {
     print(a);
    a = a + 1.0;
  }
   while (a < 5.0) {
    {
       print(a);
      a = a + 1.0;
    }
  }
}