 fun mod(a, b) {
  {
     return if (a < b) then a else mod(a - b, b);
  }
}
 fun gcd(a, b) {
  {
     return if (b == 0.0) then a else gcd(b, mod(a, b));
  }
}