 let a = readInput();
 let b = readInput();
 if (a > b) {
  {
     print(a);
  }
} else {
  {
     print(b);
  }
}